// Jest Snapshot v1, https://goo.gl/fbAQLP

exports[`<EvenColumns /> Should render 1`] = `
.c1 {
  display: -webkit-box;
  display: -webkit-flex;
  display: -ms-flexbox;
  display: flex;
  -webkit-flex-direction: column;
  -ms-flex-direction: column;
  flex-direction: column;
  -webkit-align-self: top;
  -ms-flex-item-align: top;
  align-self: top;
  margin-top: 0rem;
  margin-bottom: 0rem;
  text-align: left;
}

.c1 > h1,
.c1 > h2,
.c1 > h3,
.c1 > h4,
.c1 > h5,
.c1 > h6 {
  -webkit-flex: 1;
  -ms-flex: 1;
  flex: 1;
}

.c1 > p {
  -webkit-flex: 2;
  -ms-flex: 2;
  flex: 2;
}

.c1 > p ~ div[class*='Button'] {
  -webkit-flex: 0;
  -ms-flex: 0;
  flex: 0;
}

.c1 > img {
  width: 100%;
}

@media (min-width:) {
  .c0 {
    display: grid;
    grid-template-columns: repeat(1,1fr);
    grid-gap: 15px;
  }
}

@media all and (-ms-high-contrast:none),(-ms-high-contrast:active) {
  .c0 {
    display: block !important;
  }

  .c0 > * {
    display: block !important;
    float: left;
    width: 100%;
  }

  .c0 > *:not(:first-child) {
    margin-left: 1rem;
  }

  .c0 > *:not(:last-child) {
    margin-right: 1rem;
  }

  .c0:after {
    content: '';
    display: block;
    clear: both;
  }
}

<div>
  <div
    class="c0"
    size="1"
  >
    <div
      class="c1"
    >
      <div>
        test
      </div>
    </div>
  </div>
</div>
`;
