// Jest Snapshot v1, https://goo.gl/fbAQLP

exports[`Should render 1`] = `
.c1 {
  display: block;
  max-width: 100%;
  margin-bottom: 5px;
  font-size: 120%;
  font-weight: bold;
}

.c2 {
  display: block;
  width: 80%;
  height: 34px;
  padding: 6px 12px;
  font-size: 14px;
  line-height: 1.42857143;
  color: #555;
  background-color: #fff;
  background-image: none;
  border: 1px solid #ccc;
  border-radius: 4px;
  box-shadow: inset 0 1px 1px rgba(0,0,0,0.075);
  -webkit-transition: border-color 0.15s ease-in-out,box-shadow 0.15s ease-in-out;
  transition: border-color 0.15s ease-in-out,box-shadow 0.15s ease-in-out;
}

.c2:focus {
  border-color: #66afe9;
  outline: 0;
  box-shadow: inset 0 1px 1px rgba(0,0,0,0.075),0 0 8px rgba(102,175,233,0.6);
}

.c2::-moz-placeholder {
  color: #999;
  opacity: 1;
}

.c2:-ms-input-placeholder {
  color: #999;
}

.c2::-webkit-input-placeholder {
  color: #999;
}

.c2::-ms-expand {
  background-color: transparent;
  border: 0;
}

.c2[disabled],
.c2[readonly],
fieldset[disabled] .c2 {
  background-color: #eee;
  opacity: 1;
}

.c2[disabled],
.c2 fieldset[disabled] .form-control {
  cursor: not-allowed;
}

.c4 {
  display: inline-block;
  border: none;
  padding: 1rem 2rem;
  margin: 0;
  -webkit-text-decoration: none;
  text-decoration: none;
  background: #DCDBE2;
  color: #000080;
  font-size: 1rem;
  cursor: pointer;
  text-align: center;
  -webkit-transition: background 250ms ease-in-out,-webkit-transform 150ms ease;
  -webkit-transition: background 250ms ease-in-out,transform 150ms ease;
  transition: background 250ms ease-in-out,transform 150ms ease;
  -webkit-appearance: none;
  -moz-appearance: none;
  border-radius: 0.5rem;
}

.c4:hover,
.c4:focus {
  background: #DCDBE2;
}

.c4:focus {
  outline: 1px solid #fff;
  outline-offset: -4px;
}

.c4:active {
  -webkit-transform: scale(0.99);
  -ms-transform: scale(0.99);
  transform: scale(0.99);
}

.c4:disabled {
  opacity: 0.5;
  cursor: not-allowed;
}

.c0 {
  margin-bottom: 15px;
}

.c3 > * {
  margin-top: 1rem;
  border: 1px solid red;
  background-color: pink;
  padding: 1rem;
  border-radius: 0.5rem;
}

<div>
  <form
    action="https://formspree.io/rxd_david@gmail.com"
    method="POST"
  >
    <div
      class="c0"
    >
      <label
        class="c1"
        for="yourname"
      >
        Your Name
      </label>
      <input
        class="c2"
        id="yourname"
        required=""
      />
      <div
        class="c3"
      />
    </div>
    <div
      class="c0"
    >
      <label
        class="c1"
        for="email"
      >
        Email
      </label>
      <input
        class="c2"
        id="email"
        required=""
        type="email"
      />
      <div
        class="c3"
      />
    </div>
    <div
      class="c0"
    >
      <label
        class="c1"
        for="phone"
      >
        Phone 
        <small>
          (optional)
        </small>
      </label>
      <input
        class="c2"
        id="phone"
        type="tel"
      />
      <div
        class="c3"
      />
    </div>
    <button
      class="c4"
    >
      Sign Up
    </button>
  </form>
</div>
`;
