// Jest Snapshot v1, https://goo.gl/fbAQLP

exports[`ButtonStyles styles Should render 1`] = `
.c0 {
  display: inline-block;
  border: none;
  padding: 1rem 2rem;
  margin: 0;
  -webkit-text-decoration: none;
  text-decoration: none;
  background: #DCDBE2;
  color: #000080;
  font-size: 1rem;
  cursor: pointer;
  text-align: center;
  -webkit-transition: background 250ms ease-in-out,-webkit-transform 150ms ease;
  -webkit-transition: background 250ms ease-in-out,transform 150ms ease;
  transition: background 250ms ease-in-out,transform 150ms ease;
  -webkit-appearance: none;
  -moz-appearance: none;
  border-radius: 0.5rem;
}

.c0:hover,
.c0:focus {
  background: #DCDBE2;
}

.c0:focus {
  outline: 1px solid #fff;
  outline-offset: -4px;
}

.c0:active {
  -webkit-transform: scale(0.99);
  -ms-transform: scale(0.99);
  transform: scale(0.99);
}

.c0:disabled {
  opacity: 0.5;
  cursor: not-allowed;
}

<div>
  <a
    class="c0"
    href="https://ind.ie"
  />
</div>
`;
