// Jest Snapshot v1, https://goo.gl/fbAQLP

exports[`<Column /> Should render 1`] = `
.c0 {
  display: -webkit-box;
  display: -webkit-flex;
  display: -ms-flexbox;
  display: flex;
  -webkit-flex-direction: column;
  -ms-flex-direction: column;
  flex-direction: column;
  -webkit-align-self: flex-start;
  -ms-flex-item-align: start;
  align-self: flex-start;
  margin-top: 1rem;
  margin-bottom: 1rem;
}

.c0 > h1,
.c0 > h2,
.c0 > h3,
.c0 > h4,
.c0 > h5,
.c0 > h6 {
  -webkit-flex: 1;
  -ms-flex: 1;
  flex: 1;
}

.c0 > p {
  -webkit-flex: 2;
  -ms-flex: 2;
  flex: 2;
}

.c0 > p ~ div[class*='Button'] {
  -webkit-flex: 0;
  -ms-flex: 0;
  flex: 0;
}

.c0 > img {
  width: 100%;
}

<div>
  <div
    class="c0"
  />
</div>
`;
