// Jest Snapshot v1, https://goo.gl/fbAQLP

exports[`<Container /> Should render 1`] = `
.c0 {
  max-width: 36em;
  margin-left: auto;
  margin-right: auto;
  padding-left: 1rem;
  padding-right: 1rem;
}

<div>
  <div
    class="c0"
  />
</div>
`;
