// Jest Snapshot v1, https://goo.gl/fbAQLP

exports[`<Row /> Should render 1`] = `
@media (min-width:) {
  .c0 {
    display: grid;
    grid-template-columns: repeat(100,1fr);
    grid-gap: 15px;
  }
}

@media all and (-ms-high-contrast:none),(-ms-high-contrast:active) {
  .c0 {
    display: block !important;
  }

  .c0 > * {
    display: block !important;
    float: left;
    width: NaN%;
  }

  .c0 > *:not(:first-child) {
    margin-left: 1rem;
  }

  .c0 > *:not(:last-child) {
    margin-right: 1rem;
  }

  .c0:after {
    content: '';
    display: block;
    clear: both;
  }
}

<div>
  <div
    class="c0"
  />
</div>
`;
