// Jest Snapshot v1, https://goo.gl/fbAQLP

exports[`<Wrapper /> Should render 1`] = `
.c0 {
  width: 100%;
}

<div>
  <div
    class="c0"
  />
</div>
`;
